// Jest Snapshot v1, https://goo.gl/fbAQLP

exports[`ContentBox snapshot: has same HTML structure 1`] = `
<section
  className="content-box "
>
  Content goes here
</section>
`;
